1000 targets total, 430 need correcting under --max-len 100000

running variant: 0_before (no correction -- raw baseline) ...
  -> {'valid_json_percent': 99.0, 'template_mem_percent': 99.82, 'bb_selection_percent': 99.47, 'valid_smiles_percent': 95.23, 'matched_reactants_percent': 70.93, 'good_products_strict_percent': 87.02, 'routes_with_a_reconstruction_attempt': 0, 'routes_needing_fix': 430}

running variant: 1_fix_smiles (tools: ['fix_smiles']) ...
  200/1000
  400/1000
  600/1000
  800/1000
  1000/1000
  -> {'valid_json_percent': 99.0, 'template_mem_percent': 99.82, 'bb_selection_percent': 99.7, 'valid_smiles_percent': 97.17, 'matched_reactants_percent': 73.56, 'good_products_strict_percent': 83.9, 'routes_with_a_reconstruction_attempt': 420, 'routes_needing_fix': 430}

running variant: 2_fix_template (tools: ['fix_smiles', 'fix_template']) ...
  200/1000
  400/1000
  600/1000
  800/1000
  1000/1000
  -> {'valid_json_percent': 99.0, 'template_mem_percent': 99.82, 'bb_selection_percent': 99.7, 'valid_smiles_percent': 97.17, 'matched_reactants_percent': 73.74, 'good_products_strict_percent': 83.94, 'routes_with_a_reconstruction_attempt': 420, 'routes_needing_fix': 430}

running variant: 3_retro_disconnection (tools: ['fix_smiles', 'fix_template', 'retro_disconnection']) ...
  200/1000
  400/1000
  600/1000
  800/1000
  1000/1000
  -> {'valid_json_percent': 99.0, 'template_mem_percent': 99.82, 'bb_selection_percent': 99.7, 'valid_smiles_percent': 97.17, 'matched_reactants_percent': 74.28, 'good_products_strict_percent': 84.7, 'routes_with_a_reconstruction_attempt': 420, 'routes_needing_fix': 430}

running variant: 4_retro_disconnection_all_templates (tools: ['fix_smiles', 'fix_template', 'retro_disconnection', 'retro_disconnection_all_templates']) ...
  200/1000
  400/1000
  600/1000
  800/1000
  1000/1000
  -> {'valid_json_percent': 99.0, 'template_mem_percent': 99.82, 'bb_selection_percent': 99.7, 'valid_smiles_percent': 97.17, 'matched_reactants_percent': 76.79, 'good_products_strict_percent': 86.21, 'routes_with_a_reconstruction_attempt': 420, 'routes_needing_fix': 430}

running variant: 5_partial_reactant_retention (tools: ['fix_smiles', 'fix_template', 'partial_reactant_retention', 'retro_disconnection', 'retro_disconnection_all_templates']) ...
  200/1000
  400/1000
  600/1000
  800/1000
  1000/1000
  -> {'valid_json_percent': 99.0, 'template_mem_percent': 99.82, 'bb_selection_percent': 99.7, 'valid_smiles_percent': 97.17, 'matched_reactants_percent': 77.51, 'good_products_strict_percent': 88.81, 'routes_with_a_reconstruction_attempt': 420, 'routes_needing_fix': 430}

running variant: 6_rescue_unparseable_via_retro (tools: ['fix_smiles', 'fix_template', 'partial_reactant_retention', 'rescue_unparseable_via_retro', 'retro_disconnection', 'retro_disconnection_all_templates']) ...
  200/1000
  400/1000
